   Ôû▓ Next.js 14.0.4
   - Environments: .env

   Creating an optimized production build ...
node.exe : [baseline-browser-mapping] The data 
in this module is over two months old.  To 
ensure accurate Baseline data, please update: 
`npm i baseline-browser-mapping@latest -D`
En línea: 1 Carácter: 1
+ & "C:\Program Files\nodejs/node.exe" 
"C:\Program Files\nodejs/node_mo ...
+ ~~~~~~~~~~~~~~~~~~~~~~~~~~~~~~~~~~~~~~~~~~~~~~~
~~~~~~~~~~~~~~~~~~~~~~
    + CategoryInfo          : NotSpecified: ([ba 
   seline-brows...ping@latest -D`:String) [], R  
  emoteException
    + FullyQualifiedErrorId : NativeCommandError
 
Browserslist: browsers data (caniuse-lite) is 7 
months old. Please run:
  npx update-browserslist-db@latest
  Why you should do it regularly: 
https://github.com/browserslist/update-db#readme
 Ô£ô Compiled successfully
   Linting and checking validity of types ...

Failed to compile.

./app/admin/affiliates/gestionar/page.tsx
89:6  Warning: React Hook useEffect has a 
missing dependency: 'loadAffiliates'. Either 
include it or remove the dependency array.  
react-hooks/exhaustive-deps

./app/admin/calculator/platforms/page.tsx
36:6  Warning: React Hook useEffect has a 
missing dependency: 'checkAuthAndLoad'. Either 
include it or remove the dependency array.  
react-hooks/exhaustive-deps

./app/admin/finanzas/ahorros/page.tsx
71:6  Warning: React Hook useEffect has a 
missing dependency: 'loadUser'. Either include 
it or remove the dependency array.  
react-hooks/exhaustive-deps
78:6  Warning: React Hook useEffect has missing 
dependencies: 'loadGroups' and 'loadSavings'. 
Either include them or remove the dependency 
array.  react-hooks/exhaustive-deps

./app/admin/finanzas/estadisticas/page.tsx
64:6  Warning: React Hook useEffect has a 
missing dependency: 'loadUser'. Either include 
it or remove the dependency array.  
react-hooks/exhaustive-deps
70:6  Warning: React Hook useEffect has a 
missing dependency: 'loadStats'. Either include 
it or remove the dependency array.  
react-hooks/exhaustive-deps

./app/admin/finanzas/retiros/page.tsx
71:6  Warning: React Hook useEffect has a 
missing dependency: 'loadUser'. Either include 
it or remove the dependency array.  
react-hooks/exhaustive-deps
78:6  Warning: React Hook useEffect has missing 
dependencies: 'loadGroups' and 
'loadWithdrawals'. Either include them or remove 
the dependency array.  
react-hooks/exhaustive-deps

./app/admin/model/finanzas/ahorro/historial/page.
tsx
76:6  Warning: React Hook useEffect has a 
missing dependency: 'loadUser'. Either include 
it or remove the dependency array.  
react-hooks/exhaustive-deps
82:6  Warning: React Hook useEffect has a 
missing dependency: 'loadData'. Either include 
it or remove the dependency array.  
react-hooks/exhaustive-deps

./app/admin/model/finanzas/ahorro/page.tsx
73:6  Warning: React Hook useEffect has a 
missing dependency: 'loadUser'. Either include 
it or remove the dependency array.  
react-hooks/exhaustive-deps

./app/admin/model/finanzas/ahorro/retiros/page.ts
x
90:6  Warning: React Hook useEffect has a 
missing dependency: 'loadUser'. Either include 
it or remove the dependency array.  
react-hooks/exhaustive-deps

./app/admin/model/finanzas/ahorro/solicitar/page.
tsx
72:6  Warning: React Hook useEffect has a 
missing dependency: 'loadUser'. Either include 
it or remove the dependency array.  
react-hooks/exhaustive-deps
78:6  Warning: React Hook useEffect has a 
missing dependency: 'checkWindowAndLoadNeto'. 
Either include it or remove the dependency 
array.  react-hooks/exhaustive-deps

./app/admin/model/shop/page.tsx
317:27  Warning: Using `<img>` could result in 
slower LCP and higher bandwidth. Consider using 
`<Image />` from `next/image` to automatically 
optimize images. This may incur additional usage 
or cost from your provider. See: 
https://nextjs.org/docs/messages/no-img-element  
@next/next/no-img-element
380:17  Warning: Using `<img>` could result in 
slower LCP and higher bandwidth. Consider using 
`<Image />` from `next/image` to automatically 
optimize images. This may incur additional usage 
or cost from your provider. See: 
https://nextjs.org/docs/messages/no-img-element  
@next/next/no-img-element
514:21  Warning: Using `<img>` could result in 
slower LCP and higher bandwidth. Consider using 
`<Image />` from `next/image` to automatically 
optimize images. This may incur additional usage 
or cost from your provider. See: 
https://nextjs.org/docs/messages/no-img-element  
@next/next/no-img-element
765:23  Warning: Using `<img>` could result in 
slower LCP and higher bandwidth. Consider using 
`<Image />` from `next/image` to automatically 
optimize images. This may incur additional usage 
or cost from your provider. See: 
https://nextjs.org/docs/messages/no-img-element  
@next/next/no-img-element

./app/admin/period-closure-tool/page.tsx
41:6  Warning: React Hook useEffect has a 
missing dependency: 'router'. Either include it 
or remove the dependency array.  
react-hooks/exhaustive-deps

./app/admin/sedes/gestionar/page.tsx
99:6  Warning: React Hook useEffect has a 
missing dependency: 'loadAvailableSedes'. Either 
include it or remove the dependency array.  
react-hooks/exhaustive-deps

./app/admin/sedes/portafolio/page.tsx
147:6  Warning: React Hook useEffect has a 
missing dependency: 'loadInitialData'. Either 
include it or remove the dependency array.  
react-hooks/exhaustive-deps
210:6  Warning: React Hook useEffect has a 
missing dependency: 'applyModelFilter'. Either 
include it or remove the dependency array.  
react-hooks/exhaustive-deps
222:6  Warning: React Hook useEffect has missing 
dependencies: 'loadPlatforms' and 'loading'. 
Either include them or remove the dependency 
array.  react-hooks/exhaustive-deps

./app/admin/shop/inventory/page.tsx
319:33  Warning: Using `<img>` could result in 
slower LCP and higher bandwidth. Consider using 
`<Image />` from `next/image` to automatically 
optimize images. This may incur additional usage 
or cost from your provider. See: 
https://nextjs.org/docs/messages/no-img-element  
@next/next/no-img-element

./app/admin/shop/orders/page.tsx
263:25  Warning: Using `<img>` could result in 
slower LCP and higher bandwidth. Consider using 
`<Image />` from `next/image` to automatically 
optimize images. This may incur additional usage 
or cost from your provider. See: 
https://nextjs.org/docs/messages/no-img-element  
@next/next/no-img-element

./app/admin/shop/products/page.tsx
100:6  Warning: React Hook useEffect has a 
missing dependency: 'detailProduct'. Either 
include it or remove the dependency array.  
react-hooks/exhaustive-deps
326:23  Warning: Using `<img>` could result in 
slower LCP and higher bandwidth. Consider using 
`<Image />` from `next/image` to automatically 
optimize images. This may incur additional usage 
or cost from your provider. See: 
https://nextjs.org/docs/messages/no-img-element  
@next/next/no-img-element
559:23  Warning: Using `<img>` could result in 
slower LCP and higher bandwidth. Consider using 
`<Image />` from `next/image` to automatically 
optimize images. This may incur additional usage 
or cost from your provider. See: 
https://nextjs.org/docs/messages/no-img-element  
@next/next/no-img-element

./app/admin/users/page.tsx
58:6  Warning: React Hook useEffect has a 
missing dependency: 'loadData'. Either include 
it or remove the dependency array.  
react-hooks/exhaustive-deps

./app/announcements/[id]/page.tsx
115:6  Warning: React Hook useEffect has a 
missing dependency: 'loadAnnouncement'. Either 
include it or remove the dependency array.  
react-hooks/exhaustive-deps
250:13  Warning: Using `<img>` could result in 
slower LCP and higher bandwidth. Consider using 
`<Image />` from `next/image` to automatically 
optimize images. This may incur additional usage 
or cost from your provider. See: 
https://nextjs.org/docs/messages/no-img-element  
@next/next/no-img-element

./app/fotografia/layout.tsx
186:6  Warning: React Hook useEffect has missing 
dependencies: 'loadingUser' and 'userInfo'. 
Either include them or remove the dependency 
array.  react-hooks/exhaustive-deps
344:23  Warning: Using `<img>` could result in 
slower LCP and higher bandwidth. Consider using 
`<Image />` from `next/image` to automatically 
optimize images. This may incur additional usage 
or cost from your provider. See: 
https://nextjs.org/docs/messages/no-img-element  
@next/next/no-img-element
369:32  Warning: Using `<img>` could result in 
slower LCP and higher bandwidth. Consider using 
`<Image />` from `next/image` to automatically 
optimize images. This may incur additional usage 
or cost from your provider. See: 
https://nextjs.org/docs/messages/no-img-element  
@next/next/no-img-element

./app/gestor/gestion-agencia/rates-historicas/pag
e.tsx
38:6  Warning: React Hook useEffect has a 
missing dependency: 'loadGroups'. Either include 
it or remove the dependency array.  
react-hooks/exhaustive-deps
44:6  Warning: React Hook useEffect has a 
missing dependency: 'loadRates'. Either include 
it or remove the dependency array.  
react-hooks/exhaustive-deps

./app/gestor/gestion-agencia/stats/page.tsx
87:6  Warning: React Hook useEffect has a 
missing dependency: 'loadGroups'. Either include 
it or remove the dependency array.  
react-hooks/exhaustive-deps
93:6  Warning: React Hook useEffect has a 
missing dependency: 'loadData'. Either include 
it or remove the dependency array.  
react-hooks/exhaustive-deps

./app/gestor/layout.tsx
187:6  Warning: React Hook useEffect has missing 
dependencies: 'loadingUser' and 'userInfo'. 
Either include them or remove the dependency 
array.  react-hooks/exhaustive-deps
345:23  Warning: Using `<img>` could result in 
slower LCP and higher bandwidth. Consider using 
`<Image />` from `next/image` to automatically 
optimize images. This may incur additional usage 
or cost from your provider. See: 
https://nextjs.org/docs/messages/no-img-element  
@next/next/no-img-element
370:32  Warning: Using `<img>` could result in 
slower LCP and higher bandwidth. Consider using 
`<Image />` from `next/image` to automatically 
optimize images. This may incur additional usage 
or cost from your provider. See: 
https://nextjs.org/docs/messages/no-img-element  
@next/next/no-img-element

./app/superadmin/layout.tsx
191:6  Warning: React Hook useEffect has missing 
dependencies: 'loadingUser' and 'userInfo'. 
Either include them or remove the dependency 
array.  react-hooks/exhaustive-deps
449:23  Warning: Using `<img>` could result in 
slower LCP and higher bandwidth. Consider using 
`<Image />` from `next/image` to automatically 
optimize images. This may incur additional usage 
or cost from your provider. See: 
https://nextjs.org/docs/messages/no-img-element  
@next/next/no-img-element
474:32  Warning: Using `<img>` could result in 
slower LCP and higher bandwidth. Consider using 
`<Image />` from `next/image` to automatically 
optimize images. This may incur additional usage 
or cost from your provider. See: 
https://nextjs.org/docs/messages/no-img-element  
@next/next/no-img-element

./components/AdminModelCalculator.tsx
114:6  Warning: React Hook useEffect has a 
missing dependency: 'loadCalculatorConfig'. 
Either include it or remove the dependency 
array.  react-hooks/exhaustive-deps

./components/AIDashboard.tsx
81:6  Warning: React Hook useEffect has a 
missing dependency: 'loadAIData'. Either include 
it or remove the dependency array.  
react-hooks/exhaustive-deps

./components/AnnouncementBoardWidget.tsx
117:6  Warning: React Hook useEffect has a 
missing dependency: 'loadAnnouncements'. Either 
include it or remove the dependency array.  
react-hooks/exhaustive-deps
381:19  Error: `'` can be escaped with `&apos;`, 
`&lsquo;`, `&#39;`, `&rsquo;`.  
react/no-unescaped-entities
433:23  Warning: Using `<img>` could result in 
slower LCP and higher bandwidth. Consider using 
`<Image />` from `next/image` to automatically 
optimize images. This may incur additional usage 
or cost from your provider. See: 
https://nextjs.org/docs/messages/no-img-element  
@next/next/no-img-element
486:25  Warning: Using `<img>` could result in 
slower LCP and higher bandwidth. Consider using 
`<Image />` from `next/image` to automatically 
optimize images. This may incur additional usage 
or cost from your provider. See: 
https://nextjs.org/docs/messages/no-img-element  
@next/next/no-img-element
616:25  Warning: Using `<img>` could result in 
slower LCP and higher bandwidth. Consider using 
`<Image />` from `next/image` to automatically 
optimize images. This may incur additional usage 
or cost from your provider. See: 
https://nextjs.org/docs/messages/no-img-element  
@next/next/no-img-element
616:25  Warning: img elements must have an alt 
prop, either with meaningful text, or an empty 
string for decorative images.  jsx-a11y/alt-text
654:21  Warning: Using `<img>` could result in 
slower LCP and higher bandwidth. Consider using 
`<Image />` from `next/image` to automatically 
optimize images. This may incur additional usage 
or cost from your provider. See: 
https://nextjs.org/docs/messages/no-img-element  
@next/next/no-img-element
666:23  Warning: Using `<img>` could result in 
slower LCP and higher bandwidth. Consider using 
`<Image />` from `next/image` to automatically 
optimize images. This may incur additional usage 
or cost from your provider. See: 
https://nextjs.org/docs/messages/no-img-element  
@next/next/no-img-element

./components/AnnouncementManager.tsx
71:6  Warning: React Hook useEffect has a 
missing dependency: 'loadData'. Either include 
it or remove the dependency array.  
react-hooks/exhaustive-deps
189:96  Error: `'` can be escaped with `&apos;`, 
`&lsquo;`, `&#39;`, `&rsquo;`.  
react/no-unescaped-entities
735:15  Warning: Using `<img>` could result in 
slower LCP and higher bandwidth. Consider using 
`<Image />` from `next/image` to automatically 
optimize images. This may incur additional usage 
or cost from your provider. See: 
https://nextjs.org/docs/messages/no-img-element  
@next/next/no-img-element

./components/AppleSearchBar.tsx
77:6  Warning: React Hook useEffect has a 
missing dependency: 'onSearch'. Either include 
it or remove the dependency array. If 'onSearch' 
changes too often, find the parent component 
that defines it and wrap that definition in 
useCallback.  react-hooks/exhaustive-deps
92:6  Warning: React Hook useEffect has a 
missing dependency: 'handleSearch'. Either 
include it or remove the dependency array.  
react-hooks/exhaustive-deps

./components/AppleSelect.tsx
221:6  Warning: React Hook useEffect has a 
missing dependency: 'maxHeightOverride'. Either 
include it or remove the dependency array.  
react-hooks/exhaustive-deps

./components/BillingSummary.tsx
110:6  Warning: React Hook useEffect has a 
missing dependency: 'loadBillingData'. Either 
include it or remove the dependency array.  
react-hooks/exhaustive-deps

./components/BillingSummaryCompact.tsx
240:6  Warning: React Hook useEffect has a 
missing dependency: 'loadBillingData'. Either 
include it or remove the dependency array.  
react-hooks/exhaustive-deps

./components/BoostPagesFileUpload.tsx
72:6  Warning: React Hook useCallback has a 
missing dependency: 'userId'. Either include it 
or remove the dependency array.  
react-hooks/exhaustive-deps
224:6  Warning: React Hook useCallback has a 
missing dependency: 'userId'. Either include it 
or remove the dependency array.  
react-hooks/exhaustive-deps

./components/BoostPagesModal.tsx
586:21  Warning: Image elements must have an alt 
prop, either with meaningful text, or an empty 
string for decorative images.  jsx-a11y/alt-text

./components/chat/ChatWidget.tsx
466:6  Warning: React Hook useEffect has a 
missing dependency: 'updateUserStatus'. Either 
include it or remove the dependency array.  
react-hooks/exhaustive-deps
1181:6  Warning: React Hook useEffect has 
missing dependencies: 'loadAvailableUsers', 
'loadConversations', 'loadMessages', and 
'updateUserStatus'. Either include them or 
remove the dependency array.  
react-hooks/exhaustive-deps
1192:6  Warning: React Hook useEffect has a 
missing dependency: 'markConversationAsRead'. 
Either include it or remove the dependency 
array.  react-hooks/exhaustive-deps
1221:6  Warning: React Hook useEffect has a 
missing dependency: 'markConversationAsRead'. 
Either include it or remove the dependency 
array.  react-hooks/exhaustive-deps
1238:6  Warning: React Hook useEffect has a 
missing dependency: 'loadAvailableUsers'. Either 
include it or remove the dependency array.  
react-hooks/exhaustive-deps
1259:6  Warning: React Hook useEffect has a 
missing dependency: 'loadMessages'. Either 
include it or remove the dependency array.  
react-hooks/exhaustive-deps
1374:6  Warning: React Hook useEffect has a 
missing dependency: 'getValidToken'. Either 
include it or remove the dependency array.  
react-hooks/exhaustive-deps
1431:6  Warning: React Hook useEffect has a 
missing dependency: 'markConversationAsRead'. 
Either include it or remove the dependency 
array.  react-hooks/exhaustive-deps
1705:28  Warning: The ref value 
'markAsReadTimeoutRef.current' will likely have 
changed by the time this effect cleanup function 
runs. If this ref points to a node rendered by 
React, copy 'markAsReadTimeoutRef.current' to a 
variable inside the effect, and use that 
variable in the cleanup function.  
react-hooks/exhaustive-deps
1706:24  Warning: The ref value 
'markingAsReadRef.current' will likely have 
changed by the time this effect cleanup function 
runs. If this ref points to a node rendered by 
React, copy 'markingAsReadRef.current' to a 
variable inside the effect, and use that 
variable in the cleanup function.  
react-hooks/exhaustive-deps
1708:6  Warning: React Hook useEffect has 
missing dependencies: 'availableUsers', 
'conversations', 'isOpen', 'loadConversations', 
'markConversationAsRead', 'openChatWindows', 
'openChatWithUser', and 'selectedConversation'. 
Either include them or remove the dependency 
array.  react-hooks/exhaustive-deps
1747:6  Warning: React Hook useEffect has a 
missing dependency: 'loadAvailableUsers'. Either 
include it or remove the dependency array.  
react-hooks/exhaustive-deps

./components/chat/IndividualChatWindow.tsx
131:6  Warning: React Hook useEffect has a 
missing dependency: 'getInitialPosition'. Either 
include it or remove the dependency array.  
react-hooks/exhaustive-deps
150:6  Warning: React Hook useEffect has a 
missing dependency: 'userId'. Either include it 
or remove the dependency array.  
react-hooks/exhaustive-deps
387:6  Warning: React Hook useEffect has a 
missing dependency: 'loadMessages'. Either 
include it or remove the dependency array.  
react-hooks/exhaustive-deps
413:6  Warning: React Hook useEffect has a 
missing dependency: 'loadMessages'. Either 
include it or remove the dependency array.  
react-hooks/exhaustive-deps
449:6  Warning: React Hook useEffect has a 
missing dependency: 'handleMouseMove'. Either 
include it or remove the dependency array.  
react-hooks/exhaustive-deps

./components/chat/MainChatWindow.tsx
491:6  Warning: React Hook useEffect has missing 
dependencies: 'messages.length' and 
'scrollToBottom'. Either include them or remove 
the dependency array.  
react-hooks/exhaustive-deps
507:6  Warning: React Hook useEffect has missing 
dependencies: 'scrollToBottom' and 'view'. 
Either include them or remove the dependency 
array.  react-hooks/exhaustive-deps
526:6  Warning: React Hook useEffect has missing 
dependencies: 'scrollToBottom' and 'view'. 
Either include them or remove the dependency 
array.  react-hooks/exhaustive-deps

./components/chat/ToastNotification.tsx
89:15  Warning: Using `<img>` could result in 
slower LCP and higher bandwidth. Consider using 
`<Image />` from `next/image` to automatically 
optimize images. This may incur additional usage 
or cost from your provider. See: 
https://nextjs.org/docs/messages/no-img-element  
@next/next/no-img-element

./components/GalenaBottomPlayer.tsx
77:17  Warning: Using `<img>` could result in 
slower LCP and higher bandwidth. Consider using 
`<Image />` from `next/image` to automatically 
optimize images. This may incur additional usage 
or cost from your provider. See: 
https://nextjs.org/docs/messages/no-img-element  
@next/next/no-img-element

./components/GalenaDynamicIsland.tsx
28:11  Warning: Using `<img>` could result in 
slower LCP and higher bandwidth. Consider using 
`<Image />` from `next/image` to automatically 
optimize images. This may incur additional usage 
or cost from your provider. See: 
https://nextjs.org/docs/messages/no-img-element  
@next/next/no-img-element

./components/GalenaPlayerWidget.tsx
152:16  Warning: Using `<img>` could result in 
slower LCP and higher bandwidth. Consider using 
`<Image />` from `next/image` to automatically 
optimize images. This may incur additional usage 
or cost from your provider. See: 
https://nextjs.org/docs/messages/no-img-element  
@next/next/no-img-element
295:26  Warning: Using `<img>` could result in 
slower LCP and higher bandwidth. Consider using 
`<Image />` from `next/image` to automatically 
optimize images. This may incur additional usage 
or cost from your provider. See: 
https://nextjs.org/docs/messages/no-img-element  
@next/next/no-img-element

./components/ManualPeriodClosure.tsx
83:6  Warning: React Hook useEffect has missing 
dependencies: 'loadArchiveStatus' and 
'loadCleanupValidation'. Either include them or 
remove the dependency array.  
react-hooks/exhaustive-deps

./components/ModelCalculator.tsx
137:6  Warning: React Hook useEffect has a 
missing dependency: 'loadCalculatorConfig'. 
Either include it or remove the dependency 
array.  react-hooks/exhaustive-deps
455:6  Warning: React Hook useEffect has a 
missing dependency: 'calculateResults'. Either 
include it or remove the dependency array.  
react-hooks/exhaustive-deps

./components/PlatformTimeline.tsx
36:6  Warning: React Hook useEffect has a 
missing dependency: 'loadTimelineData'. Either 
include it or remove the dependency array.  
react-hooks/exhaustive-deps

./components/PortfolioAnalytics.tsx
83:6  Warning: React Hook useEffect has a 
missing dependency: 'loadAnalytics'. Either 
include it or remove the dependency array.  
react-hooks/exhaustive-deps

./components/ui/DynamicTimeIsland.tsx
175:11  Warning: Using `<img>` could result in 
slower LCP and higher bandwidth. Consider using 
`<Image />` from `next/image` to automatically 
optimize images. This may incur additional usage 
or cost from your provider. See: 
https://nextjs.org/docs/messages/no-img-element  
@next/next/no-img-element
303:7  Warning: Using `<img>` could result in 
slower LCP and higher bandwidth. Consider using 
`<Image />` from `next/image` to automatically 
optimize images. This may incur additional usage 
or cost from your provider. See: 
https://nextjs.org/docs/messages/no-img-element  
@next/next/no-img-element

./lib/chat/user-avatar.tsx
127:9  Warning: Using `<img>` could result in 
slower LCP and higher bandwidth. Consider using 
`<Image />` from `next/image` to automatically 
optimize images. This may incur additional usage 
or cost from your provider. See: 
https://nextjs.org/docs/messages/no-img-element  
@next/next/no-img-element

./lib/hooks/useValidation.ts
42:29  Warning: React Hook useCallback received 
a function whose dependencies are unknown. Pass 
an inline function instead.  
react-hooks/exhaustive-deps

info  - Need to disable some ESLint rules? Learn 
more here: https://nextjs.org/docs/basic-features
/eslint#disabling-rules
